// Jest Snapshot v1, https://goo.gl/fbAQLP

exports[`Section/Blog renders correctly 1`] = `
<section
  className="container"
  id="Blog"
>
  <div
    className="row"
  >
    <div
      className="col-lg-7"
    >
      <div
        className="posts"
      >
        <div
          className="genres nav nav-tabs"
          onKeyDown={[Function]}
        >
          <div
            className="genre nav-item"
          >
            <h2
              className="is-3 bold active"
              onClick={[Function]}
            >
              最新
            </h2>
          </div>
          <div
            className="genre nav-item"
          >
            <h2
              className="is-3 bold"
              onClick={[Function]}
            >
              學生
            </h2>
          </div>
          <div
            className="genre nav-item"
          >
            <h2
              className="is-3 bold"
              onClick={[Function]}
            >
              研習
            </h2>
          </div>
          <div
            className="genre nav-item"
          >
            <h2
              className="is-3 bold"
              onClick={[Function]}
            >
              競賽
            </h2>
          </div>
          <div
            className="genre nav-item"
          >
            <h2
              className="is-3 bold"
              onClick={[Function]}
            >
              教師
            </h2>
          </div>
          <div
            className="genre more nav-item"
          >
            <a
              href="/search"
            >
              <h2
                className="is-3 bold"
              >
                更多...
              </h2>
            </a>
          </div>
        </div>
        <div
          className="container"
          id="post-list"
        >
          <div
            className="flex-column row"
          >
            <div
              className="post col"
            >
              <a
                href="/post/97"
              >
                <p
                  className="is-4"
                  dangerouslySetInnerHTML={
                    Object {
                      "__html": "【新冠肺炎防疫】109年3月15日(日) 室內空間消毒作業，禁止進入校園。(高三自習暫停)",
                    }
                  }
                />
              </a>
            </div>
            <div
              className="post col"
            >
              <a
                href="/post/96"
              >
                <p
                  className="is-4"
                  dangerouslySetInnerHTML={
                    Object {
                      "__html": "狂賀 本校1502班詹可德同學 榮獲109年台北市中等學校運動會田徑錦標賽 高男組十項全能 成績5880分 第1名!",
                    }
                  }
                />
              </a>
            </div>
            <div
              className="post col"
            >
              <a
                href="/post/31"
              >
                <p
                  className="is-4"
                  dangerouslySetInnerHTML={
                    Object {
                      "__html": "哈囉，世界",
                    }
                  }
                />
              </a>
            </div>
          </div>
        </div>
      </div>
    </div>
    <div
      className="col-lg-4 offset-lg-1"
    >
      <section
        className="side-news"
      >
        <h2
          className="is-2 bold"
        >
          更多作品
        </h2>
        <a
          className="news-card-s"
          href="https://www.twreporter.org/a/bookreview-recommendation-sohn-suk-hee"
        >
          <figure>
            <span
              className=""
              style={
                Object {
                  "display": "inline-block",
                  "height": 0,
                  "width": 0,
                }
              }
            />
          </figure>
          <div
            className="title"
          >
            <h4
              className="is-4"
            >
              他不是「新聞神話」──韓國傳奇主播孫石熙如何帶領公眾思考，產生改變？
            </h4>
          </div>
        </a>
        <a
          className="news-card-s"
          href="https://www.twreporter.org/a/bookreview-recommendation-be-a-new-creation-haitaibear"
        >
          <figure>
            <span
              className=""
              style={
                Object {
                  "display": "inline-block",
                  "height": 0,
                  "width": 0,
                }
              }
            />
          </figure>
          <div
            className="title"
          >
            <h4
              className="is-4"
            >
              海苔熊／讀《成為一個新人》，重新思考精神疾病「康復」的意義
            </h4>
          </div>
        </a>
        <a
          className="news-card-s"
          href="https://www.twreporter.org/a/opinion-electronic-cigarette-problems-tobacco-industry-never-say"
        >
          <figure>
            <span
              className=""
              style={
                Object {
                  "display": "inline-block",
                  "height": 0,
                  "width": 0,
                }
              }
            />
          </figure>
          <div
            className="title"
          >
            <h4
              className="is-4"
            >
              【投書】戒菸新希望？菸害新風暴？電子菸防制的考驗與思考
            </h4>
          </div>
        </a>
        <a
          className="news-card-s"
          href="https://www.twreporter.org/a/opinion-2020-election-japan-newspaper-editorial"
        >
          <figure>
            <span
              className=""
              style={
                Object {
                  "display": "inline-block",
                  "height": 0,
                  "width": 0,
                }
              }
            />
          </figure>
          <div
            className="title"
          >
            <h4
              className="is-4"
            >
              野島剛／日本如何看2020台灣大選？解析日媒選前社論關注焦點
            </h4>
          </div>
        </a>
      </section>
    </div>
  </div>
</section>
`;
