// Jest Snapshot v1, https://goo.gl/fbAQLP

exports[`Layout/Footer renders correctly 1`] = `
<footer>
  <div
    className="container-fluid"
  >
    <div
      className="row"
    >
      <div
        className="logo col-lg-6"
      >
        <h2
          className="is-2 bold"
        >
          We Are HSNUer
        </h2>
      </div>
      <div
        className="icons col-lg-6"
      >
        <a
          href="https://twitter.com"
        >
          <img
            alt="twitter"
            src="test-file-stub"
          />
        </a>
        <a
          href="https://medium.com"
        >
          <img
            alt="medium"
            src="test-file-stub"
          />
        </a>
        <a
          href="https://github.com"
        >
          <img
            alt="github"
            src="test-file-stub"
          />
        </a>
        <a
          href="https://patreon.com"
        >
          <img
            alt="patreon"
            src="test-file-stub"
          />
        </a>
      </div>
    </div>
  </div>
</footer>
`;

exports[`Layout/Header renders correctly 1`] = `
<nav
  className="navbar navbar-expand-xl navbar-light"
  id="header"
>
  <a
    className="navbar-brand"
    href="/"
  >
    <img
      alt="師大附中"
      src="test-file-stub"
    />
  </a>
  <button
    aria-label="Toggle navigation"
    className="navbar-toggler collapsed"
    onClick={[Function]}
    type="button"
  >
    <span
      className="navbar-toggler-icon"
    />
  </button>
  <div
    aria-expanded={null}
    className="navbar-collapse collapse"
  >
    <div
      className="navbar-nav"
      onKeyDown={[Function]}
    >
      <div
        className="nav-item"
      >
        <a
          className="is-5 bold nav-link"
          data-rb-event-key="https://ilearning.hs.ntnu.edu.tw/"
          href="https://ilearning.hs.ntnu.edu.tw/"
          onClick={[Function]}
          onKeyDown={[Function]}
        >
          iLearn
        </a>
      </div>
      <div
        className="nav-item"
      >
        <a
          className="is-5 bold nav-link"
          data-rb-event-key="https://e-portfolio.cooc.tp.edu.tw/Portal.do"
          href="https://e-portfolio.cooc.tp.edu.tw/Portal.do"
          onClick={[Function]}
          onKeyDown={[Function]}
        >
          學習歷程
        </a>
      </div>
      <div
        className="nav-item"
      >
        <a
          className="is-5 bold nav-link"
          data-rb-event-key="http://artlife.hs.ntnu.edu.tw/case122/index.php"
          href="http://artlife.hs.ntnu.edu.tw/case122/index.php"
          onClick={[Function]}
          onKeyDown={[Function]}
        >
          報修
        </a>
      </div>
      <div
        className="nav-item"
      >
        <a
          className="is-5 bold nav-link"
          data-rb-event-key="https://sschool.tp.edu.tw/Login.action"
          href="https://sschool.tp.edu.tw/Login.action"
          onClick={[Function]}
          onKeyDown={[Function]}
        >
          二代校務
        </a>
      </div>
      <div
        className="nav-item"
      >
        <a
          className="is-5 bold nav-link"
          data-rb-event-key="/english"
          href="/english"
          onClick={[Function]}
          onKeyDown={[Function]}
        >
          English
        </a>
      </div>
      <div
        className="nav-item"
        onClick={[Function]}
      >
        <a
          className="nav-link"
          data-rb-event-key={null}
          href="#"
          onClick={[Function]}
          onKeyDown={[Function]}
          role="button"
        >
          <img
            alt="search"
            src="test-file-stub"
          />
        </a>
      </div>
      <div
        className="nav-item"
        onClick={[Function]}
      >
        <a
          className="nav-link"
          data-rb-event-key={null}
          href="#"
          onClick={[Function]}
          onKeyDown={[Function]}
          role="button"
        >
          <img
            alt="menu"
            src="test-file-stub"
          />
        </a>
      </div>
    </div>
  </div>
  <div
    id="nav-search"
  >
    <form
      action="/search"
      className=""
      method="get"
    >
      <input
        className="is-3 bold form-control"
        id="nav-search-box"
        name="search"
        placeholder="Search"
        type="text"
      />
    </form>
  </div>
</nav>
`;

exports[`Layout/SEO renders correctly 1`] = `null`;

exports[`Layout/Sidebar renders correctly 1`] = `
Array [
  <div
    id="sidebar"
  >
    <h3
      className="is-3 bold"
    >
      國立臺灣大學附屬高級中學
    </h3>
    <div
      className="endorsement"
    >
      <div
        className="dot"
        style={
          Object {
            "backgroundColor": "#FF4040",
          }
        }
      />
      <div
        className="dot"
        style={
          Object {
            "backgroundColor": "#FFAF37",
          }
        }
      />
      <div
        className="dot"
        style={
          Object {
            "backgroundColor": "#FBFF32",
          }
        }
      />
      <div
        className="dot"
        style={
          Object {
            "backgroundColor": "#A0FFA4",
          }
        }
      />
      <div
        className="dot"
        style={
          Object {
            "backgroundColor": "#76DEFF",
          }
        }
      />
      <div
        className="dot"
        style={
          Object {
            "backgroundColor": "#874EFF",
          }
        }
      />
    </div>
    <form
      action="/search"
      className="search-box"
      method="get"
    >
      <label
        className="form-label"
        hidden={true}
      >
        Search Box
      </label>
      <input
        className="is-4 form-control"
        name="search"
        placeholder="Search"
        type="text"
      />
      <button
        className="btn btn-light"
        disabled={false}
        type="submit"
      >
        <img
          alt="search!"
          src="test-file-stub"
        />
      </button>
    </form>
    <ul
      className="menu-cards"
    >
      <li>
        <ul
          className="menu-card"
        >
          <h4
            className="is-4 bold"
          >
            招考專區
          </h4>
          <li
            className="is-5"
          >
            <a
              href="http://artlife.hs.ntnu.edu.tw/case43a/"
            >
              教師甄選作業系統
            </a>
          </li>
          <li
            className="is-5"
          >
            <a
              href="https://site.hs.ntnu.edu.tw/science-class/%e6%8b%9b%e7%94%9f%e5%b0%88%e5%8d%80-2/"
            >
              109年科學班招生專區
            </a>
          </li>
          <li
            className="is-5"
          >
            <a
              href="https://site.hs.ntnu.edu.tw/cs-class/"
            >
              109年資訊班招生專區
            </a>
          </li>
          <li
            className="is-5"
          >
            <a
              href="http://140.131.149.106/"
            >
              109學測及二次英聽測驗校內網路報名系統
            </a>
          </li>
          <li
            className="is-5"
          >
            <a
              href="https://site.hs.ntnu.edu.tw/music108s/"
            >
              108年國中音樂班聯招專區
            </a>
          </li>
        </ul>
      </li>
      <li>
        <ul
          className="menu-card"
        >
          <h4
            className="is-4 bold"
          >
            校內資訊
          </h4>
          <li
            className="is-5"
          >
            <a
              href="http://artlife.hs.ntnu.edu.tw/case43a/"
            >
              行事曆
            </a>
          </li>
          <li
            className="is-5"
          >
            <a
              href="https://site.hs.ntnu.edu.tw/science-class/%e6%8b%9b%e7%94%9f%e5%b0%88%e5%8d%80-2/"
            >
              網路使用
            </a>
          </li>
          <li
            className="is-5"
          >
            <a
              href="https://site.hs.ntnu.edu.tw/cs-class/"
            >
              校慶
            </a>
          </li>
          <li
            className="is-5"
          >
            <a
              href="http://140.131.149.106/"
            >
              課表
            </a>
          </li>
          <li
            className="is-5"
          >
            <a
              href="https://site.hs.ntnu.edu.tw/music108s/"
            >
              菜單
            </a>
          </li>
        </ul>
      </li>
      <li>
        <ul
          className="menu-card"
        >
          <h4
            className="is-4 bold"
          >
            學生資訊
          </h4>
          <li
            className="is-5"
          >
            <a
              href="https://site.hs.ntnu.edu.tw/guidance/%E6%9C%80%E6%96%B0%E6%B6%88%E6%81%AF2019/"
            >
              升學資訊
            </a>
          </li>
          <li
            className="is-5"
          >
            <a
              href="https://www.hs.ntnu.edu.tw/%e5%be%ae%e8%aa%b2%e7%a8%8b%e8%b3%87%e8%a8%8a/"
            >
              微課程
            </a>
          </li>
          <li
            className="is-5"
          >
            <a
              href="https://www.hs.ntnu.edu.tw/search/?type=bt&sq=%E7%8D%8E%E5%AD%B8%E9%87%91"
            >
              獎學金資訊
            </a>
          </li>
          <li
            className="is-5"
          >
            <a
              href="https://ecardlost.tp.edu.tw/ecard/Ecard/QueryOfLostEcardAction"
            >
              學生證掛失
            </a>
          </li>
          <li
            className="is-5"
          >
            <a
              href="https://site.hs.ntnu.edu.tw/academic/hsnureg/%E7%94%B3%E8%AB%8B%E6%B5%81%E7%A8%8B%E5%8F%8A%E8%A1%A8%E5%96%AE/"
            >
              證明文件申請
            </a>
          </li>
        </ul>
      </li>
      <li>
        <ul
          className="menu-card"
        >
          <h4
            className="is-4 bold"
          >
            相關單位
          </h4>
          <li
            className="is-5"
          >
            <a
              href="https://hsnuaa.org.tw/"
            >
              校友會
            </a>
          </li>
          <li
            className="is-5"
          >
            <a
              href="https://sites.google.com/a/pccu.edu.tw/guo-li-shi-da-fu-zhong72jie-jia-zhang-hui/guan-yu-ben-hui?previewAsViewer=1"
            >
              家長會
            </a>
          </li>
          <li
            className="is-5"
          >
            <a
              href="https://site.hs.ntnu.edu.tw/ilove143/"
            >
              志工團
            </a>
          </li>
          <li
            className="is-5"
          >
            <a
              href="https://site.hs.ntnu.edu.tw/teachers/"
            >
              教師會
            </a>
          </li>
          <li
            className="is-5"
          >
            <a
              href="https://site.hs.ntnu.edu.tw/cooperative/"
            >
              合作社
            </a>
          </li>
        </ul>
      </li>
      <li>
        <ul
          className="menu-card"
        >
          <h4
            className="is-4 bold"
          >
            宣傳內容
          </h4>
          <li
            className="is-5"
          >
            <a
              href="https://www.hs.ntnu.edu.tw/support/"
            >
              捲款專區
            </a>
          </li>
          <li
            className="is-5"
          >
            <a
              href="https://www.hs.ntnu.edu.tw/links/advocacy-links/"
            >
              政策宣導
            </a>
          </li>
          <li
            className="is-5"
          >
            <a
              href="https://www.hs.ntnu.edu.tw/108%E8%AA%B2%E7%B6%B1%E7%9B%B8%E9%97%9C/"
            >
              108課綱
            </a>
          </li>
          <li
            className="is-5"
          >
            <a
              href="https://site.hs.ntnu.edu.tw/teachers/"
            >
              教師會
            </a>
          </li>
          <li
            className="is-5"
          >
            <a
              href="https://site.hs.ntnu.edu.tw/cooperative/"
            >
              合作社
            </a>
          </li>
        </ul>
      </li>
    </ul>
  </div>,
  <div
    id="sidebar-overlay"
    onClick={[Function]}
  />,
]
`;
