// Jest Snapshot v1, https://goo.gl/fbAQLP

exports[`Section/Landing renders correctly 1`] = `
<div
  className="jumbotron jumbotron-fluid"
  id="landing"
>
  <img
    alt="Headline"
    rel="preload"
    src="https://wordpress.hsnu.org/wp-content/uploads/2020/03/20191126170557-6072c73cbfb5c0301e948f36af2cf1e0-desktop.jpg"
  />
  <div
    className="fade-layer"
  />
  <a
    href="https://www.twreporter.org/a/bookreview-counter-attack-on-the-fear-of-demising-nation"
  >
    <h1
      className="is-1 serif"
    >
      樂園的選擇：從言論與資訊自由被剝奪，看亡國感的生成 | The reporter
    </h1>
  </a>
</div>
`;
